// Jest Snapshot v1, https://goo.gl/fbAQLP

exports[`snapshot 1`] = `
<div
  className="main"
>
  <div
    className="search"
  >
    <h2>
      Search for Github Users:
    </h2>
    <div
      className="ui action input left icon center"
    >
      <input
        data-testid="username-input"
        onChange={[Function]}
        onKeyDown={[Function]}
        placeholder="Search users..."
        style={
          Object {
            "marginLeft": "0.4rem",
          }
        }
        type="text"
        value=""
      />
      <i
        className="large users icon"
      />
      <button
        className="ui button"
        data-testid="search-btn"
        id="searchBtn"
        onClick={[Function]}
      >
        Search
      </button>
    </div>
  </div>
  <div
    className="ui items"
  />
  <div
    className="repo-button"
  >
    <a
      href="/repos"
      onClick={[Function]}
    >
      <button
        className="ui primary button"
      >
        Popular Repos
      </button>
    </a>
  </div>
</div>
`;
